AR e2 behavioral D:/semester-4/HWSWCD/vhdl_codes/combo/e2.vhd sub00/vhpl05 1413071054
AR combo behavioral D:/semester-4/HWSWCD/vhdl_codes/combo/combo.vhd sub00/vhpl01 1413071056
AR e1 behavioral D:/semester-4/HWSWCD/vhdl_codes/combo/e1.vhd sub00/vhpl03 1413071052
EN combo NULL D:/semester-4/HWSWCD/vhdl_codes/combo/combo.vhd sub00/vhpl00 1413071055
EN e1 NULL D:/semester-4/HWSWCD/vhdl_codes/combo/e1.vhd sub00/vhpl02 1413071051
EN e2 NULL D:/semester-4/HWSWCD/vhdl_codes/combo/e2.vhd sub00/vhpl04 1413071053
