V3 9
FL D:/semester-4/HWSWCD/vhdl_codes/combo/combo.vhd 2014/10/12.01:37:09 P.20131013
EN work/combo 1413071055 FL D:/semester-4/HWSWCD/vhdl_codes/combo/combo.vhd \
      PB ieee/std_logic_1164 1381692176
AR work/combo/Behavioral 1413071056 \
      FL D:/semester-4/HWSWCD/vhdl_codes/combo/combo.vhd EN work/combo 1413071055 \
      AR work/e1/Behavioral 1413071052 AR work/e2/Behavioral 1413071054
FL D:/semester-4/HWSWCD/vhdl_codes/combo/e1.vhd 2014/10/12.01:43:59 P.20131013
EN work/e1 1413071051 FL D:/semester-4/HWSWCD/vhdl_codes/combo/e1.vhd \
      PB ieee/std_logic_1164 1381692176
AR work/e1/Behavioral 1413071052 \
      FL D:/semester-4/HWSWCD/vhdl_codes/combo/e1.vhd EN work/e1 1413071051
FL D:/semester-4/HWSWCD/vhdl_codes/combo/e2.vhd 2014/10/12.01:43:46 P.20131013
EN work/e2 1413071053 FL D:/semester-4/HWSWCD/vhdl_codes/combo/e2.vhd \
      PB ieee/std_logic_1164 1381692176
AR work/e2/Behavioral 1413071054 \
      FL D:/semester-4/HWSWCD/vhdl_codes/combo/e2.vhd EN work/e2 1413071053
