V3 3
FL D:/semester-4/HWSWCD/vhdl_codes/finite_state_machine/fsm.vhd 2014/10/12.16:49:58 P.20131013
EN work/fsm 1413125478 \
      FL D:/semester-4/HWSWCD/vhdl_codes/finite_state_machine/fsm.vhd \
      PB ieee/std_logic_1164 1381692176
AR work/fsm/Behavioral 1413125479 \
      FL D:/semester-4/HWSWCD/vhdl_codes/finite_state_machine/fsm.vhd EN work/fsm 1413125478
